Archive member included because of file (symbol)

/home/rationalash/Ac6/workspace/nucleo-f302r8_stdperiph_lib/Debug/libnucleo-f302r8_stdperiph_lib.a(stm32f3xx_nucleo.o)
                              src/main.o (STM_EVAL_LEDInit)
/home/rationalash/Ac6/workspace/nucleo-f302r8_stdperiph_lib/Debug/libnucleo-f302r8_stdperiph_lib.a(stm32f30x_adc.o)
                              /home/rationalash/Ac6/workspace/nucleo-f302r8_stdperiph_lib/Debug/libnucleo-f302r8_stdperiph_lib.a(stm32f3xx_nucleo.o) (ADC_Init)
/home/rationalash/Ac6/workspace/nucleo-f302r8_stdperiph_lib/Debug/libnucleo-f302r8_stdperiph_lib.a(stm32f30x_exti.o)
                              /home/rationalash/Ac6/workspace/nucleo-f302r8_stdperiph_lib/Debug/libnucleo-f302r8_stdperiph_lib.a(stm32f3xx_nucleo.o) (EXTI_Init)
/home/rationalash/Ac6/workspace/nucleo-f302r8_stdperiph_lib/Debug/libnucleo-f302r8_stdperiph_lib.a(stm32f30x_gpio.o)
                              /home/rationalash/Ac6/workspace/nucleo-f302r8_stdperiph_lib/Debug/libnucleo-f302r8_stdperiph_lib.a(stm32f3xx_nucleo.o) (GPIO_Init)
/home/rationalash/Ac6/workspace/nucleo-f302r8_stdperiph_lib/Debug/libnucleo-f302r8_stdperiph_lib.a(stm32f30x_misc.o)
                              /home/rationalash/Ac6/workspace/nucleo-f302r8_stdperiph_lib/Debug/libnucleo-f302r8_stdperiph_lib.a(stm32f3xx_nucleo.o) (NVIC_Init)
/home/rationalash/Ac6/workspace/nucleo-f302r8_stdperiph_lib/Debug/libnucleo-f302r8_stdperiph_lib.a(stm32f30x_rcc.o)
                              src/main.o (RCC_GetClocksFreq)
/home/rationalash/Ac6/workspace/nucleo-f302r8_stdperiph_lib/Debug/libnucleo-f302r8_stdperiph_lib.a(stm32f30x_spi.o)
                              /home/rationalash/Ac6/workspace/nucleo-f302r8_stdperiph_lib/Debug/libnucleo-f302r8_stdperiph_lib.a(stm32f3xx_nucleo.o) (SPI_Init)
/home/rationalash/Ac6/workspace/nucleo-f302r8_stdperiph_lib/Debug/libnucleo-f302r8_stdperiph_lib.a(stm32f30x_syscfg.o)
                              /home/rationalash/Ac6/workspace/nucleo-f302r8_stdperiph_lib/Debug/libnucleo-f302r8_stdperiph_lib.a(stm32f3xx_nucleo.o) (SYSCFG_EXTILineConfig)
/home/rationalash/Ac6/SystemWorkbench/plugins/fr.ac6.mcu.externaltools.arm-none.linux64_1.3.0.201507241112/tools/compiler/bin/../lib/gcc/arm-none-eabi/4.9.3/../../../../arm-none-eabi/lib/armv7e-m/libc.a(lib_a-errno.o)
                              src/syscalls.o (__errno)
/home/rationalash/Ac6/SystemWorkbench/plugins/fr.ac6.mcu.externaltools.arm-none.linux64_1.3.0.201507241112/tools/compiler/bin/../lib/gcc/arm-none-eabi/4.9.3/../../../../arm-none-eabi/lib/armv7e-m/libc.a(lib_a-exit.o)
                              /home/rationalash/Ac6/SystemWorkbench/plugins/fr.ac6.mcu.externaltools.arm-none.linux64_1.3.0.201507241112/tools/compiler/bin/../lib/gcc/arm-none-eabi/4.9.3/../../../../arm-none-eabi/lib/armv7e-m/crt0.o (exit)
/home/rationalash/Ac6/SystemWorkbench/plugins/fr.ac6.mcu.externaltools.arm-none.linux64_1.3.0.201507241112/tools/compiler/bin/../lib/gcc/arm-none-eabi/4.9.3/../../../../arm-none-eabi/lib/armv7e-m/libc.a(lib_a-impure.o)
                              /home/rationalash/Ac6/SystemWorkbench/plugins/fr.ac6.mcu.externaltools.arm-none.linux64_1.3.0.201507241112/tools/compiler/bin/../lib/gcc/arm-none-eabi/4.9.3/../../../../arm-none-eabi/lib/armv7e-m/libc.a(lib_a-exit.o) (_global_impure_ptr)
/home/rationalash/Ac6/SystemWorkbench/plugins/fr.ac6.mcu.externaltools.arm-none.linux64_1.3.0.201507241112/tools/compiler/bin/../lib/gcc/arm-none-eabi/4.9.3/../../../../arm-none-eabi/lib/armv7e-m/libc.a(lib_a-init.o)
                              /home/rationalash/Ac6/SystemWorkbench/plugins/fr.ac6.mcu.externaltools.arm-none.linux64_1.3.0.201507241112/tools/compiler/bin/../lib/gcc/arm-none-eabi/4.9.3/../../../../arm-none-eabi/lib/armv7e-m/crt0.o (__libc_init_array)
/home/rationalash/Ac6/SystemWorkbench/plugins/fr.ac6.mcu.externaltools.arm-none.linux64_1.3.0.201507241112/tools/compiler/bin/../lib/gcc/arm-none-eabi/4.9.3/../../../../arm-none-eabi/lib/armv7e-m/libc.a(lib_a-memset.o)
                              /home/rationalash/Ac6/SystemWorkbench/plugins/fr.ac6.mcu.externaltools.arm-none.linux64_1.3.0.201507241112/tools/compiler/bin/../lib/gcc/arm-none-eabi/4.9.3/../../../../arm-none-eabi/lib/armv7e-m/crt0.o (memset)
/home/rationalash/Ac6/SystemWorkbench/plugins/fr.ac6.mcu.externaltools.arm-none.linux64_1.3.0.201507241112/tools/compiler/bin/../lib/gcc/arm-none-eabi/4.9.3/../../../../arm-none-eabi/lib/armv7e-m/libc.a(lib_a-__call_atexit.o)
                              /home/rationalash/Ac6/SystemWorkbench/plugins/fr.ac6.mcu.externaltools.arm-none.linux64_1.3.0.201507241112/tools/compiler/bin/../lib/gcc/arm-none-eabi/4.9.3/../../../../arm-none-eabi/lib/armv7e-m/libc.a(lib_a-exit.o) (__call_exitprocs)
/home/rationalash/Ac6/SystemWorkbench/plugins/fr.ac6.mcu.externaltools.arm-none.linux64_1.3.0.201507241112/tools/compiler/bin/../lib/gcc/arm-none-eabi/4.9.3/../../../../arm-none-eabi/lib/armv7e-m/libc.a(lib_a-atexit.o)
[...]
Memory Configuration

Name             Origin             Length             Attributes
FLASH            0x08000000         0x00010000         xr
RAM              0x20000000         0x00004000         xrw
MEMORY_B1        0x60000000         0x00000000         xr
*default*        0x00000000         0xffffffff

Linker script and memory map

LOAD /home/rationalash/Ac6/SystemWorkbench/plugins/fr.ac6.mcu.externaltools.arm-none.linux64_1.3.0.201507241112/tools/compiler/bin/../lib/gcc/arm-none-eabi/4.9.3/armv7e-m/crti.o
LOAD /home/rationalash/Ac6/SystemWorkbench/plugins/fr.ac6.mcu.externaltools.arm-none.linux64_1.3.0.201507241112/tools/compiler/bin/../lib/gcc/arm-none-eabi/4.9.3/armv7e-m/crtbegin.o
LOAD /home/rationalash/Ac6/SystemWorkbench/plugins/fr.ac6.mcu.externaltools.arm-none.linux64_1.3.0.201507241112/tools/compiler/bin/../lib/gcc/arm-none-eabi/4.9.3/../../../../arm-none-eabi/lib/armv7e-m/crt0.o
LOAD startup/startup_stm32f302x8.o
LOAD src/main.o
LOAD src/syscalls.o
LOAD src/system_stm32f30x.o
LOAD /home/rationalash/Ac6/workspace/nucleo-f302r8_stdperiph_lib/Debug/libnucleo-f302r8_stdperiph_lib.a
LOAD /home/rationalash/Ac6/SystemWorkbench/plugins/fr.ac6.mcu.externaltools.arm-none.linux64_1.3.0.201507241112/tools/compiler/bin/../lib/gcc/arm-none-eabi/4.9.3/../../../../arm-none-eabi/lib/armv7e-m/libstdc++.a
LOAD /home/rationalash/Ac6/SystemWorkbench/plugins/fr.ac6.mcu.externaltools.arm-none.linux64_1.3.0.201507241112/tools/compiler/bin/../lib/gcc/arm-none-eabi/4.9.3/../../../../arm-none-eabi/lib/armv7e-m/libm.a
START GROUP
LOAD /home/rationalash/Ac6/SystemWorkbench/plugins/fr.ac6.mcu.externaltools.arm-none.linux64_1.3.0.201507241112/tools/compiler/bin/../lib/gcc/arm-none-eabi/4.9.3/armv7e-m/libgcc.a
LOAD /home/rationalash/Ac6/SystemWorkbench/plugins/fr.ac6.mcu.externaltools.arm-none.linux64_1.3.0.201507241112/tools/compiler/bin/../lib/gcc/arm-none-eabi/4.9.3/../../../../arm-none-eabi/lib/armv7e-m/libc.a
END GROUP
LOAD /home/rationalash/Ac6/SystemWorkbench/plugins/fr.ac6.mcu.externaltools.arm-none.linux64_1.3.0.201507241112/tools/compiler/bin/../lib/gcc/arm-none-eabi/4.9.3/armv7e-m/crtend.o
LOAD /home/rationalash/Ac6/SystemWorkbench/plugins/fr.ac6.mcu.externaltools.arm-none.linux64_1.3.0.201507241112/tools/compiler/bin/../lib/gcc/arm-none-eabi/4.9.3/armv7e-m/crtn.o
                0x20004000                _estack = 0x20004000
                0x00000200                _Min_Heap_Size = 0x200
                0x00000400                _Min_Stack_Size = 0x400

.isr_vector     0x08000000      0x188
                0x08000000                . = ALIGN (0x4)
 *(.isr_vector)
 .isr_vector    0x08000000      0x188 startup/startup_stm32f302x8.o
                0x08000000                g_pfnVectors
                0x08000188                . = ALIGN (0x4)

.text           0x08000188      0xf78
                0x08000188                . = ALIGN (0x4)
 *(.text)
 .text          0x08000188       0x5c /home/rationalash/Ac6/SystemWorkbench/plugins/fr.ac6.mcu.externaltools.arm-none.linux64_1.3.0.201507241112/tools/compiler/bin/../lib/gcc/arm-none-eabi/4.9.3/armv7e-m/crtbegin.o
 *(.text*)
 .text.Reset_Handler
                0x080001e4       0x50 startup/startup_stm32f302x8.o
                0x080001e4                Reset_Handler
 .text.Default_Handler
                0x08000234        0x2 startup/startup_stm32f302x8.o
                0x08000234                RTC_Alarm_IRQHandler
                0x08000234                DebugMon_Handler
                0x08000234                TIM1_CC_IRQHandler
                0x08000234                HardFault_Handler
                0x08000234                USB_HP_IRQHandler
                0x08000234                PVD_IRQHandler
                0x08000234                PendSV_Handler
                0x08000234                NMI_Handler
                0x08000234                EXTI3_IRQHandler
                0x08000234                I2C3_ER_IRQHandler
                0x08000234                EXTI0_IRQHandler
                0x08000234                I2C2_EV_IRQHandler
                0x08000234                FPU_IRQHandler
                0x08000234                EXTI2_TS_IRQHandler
                0x08000234                TIM1_UP_TIM16_IRQHandler
                0x08000234                UsageFault_Handler
                0x08000234                TIM6_DAC_IRQHandler
                0x08000234                DMA1_Channel4_IRQHandler
                0x08000234                ADC1_IRQHandler
                0x08000234                USART3_IRQHandler
                0x08000234                DMA1_Channel7_IRQHandler
                0x08000234                CAN1_RX1_IRQHandler
                0x08000234                I2C1_EV_IRQHandler
                0x08000234                DMA1_Channel6_IRQHandler
                0x08000234                RCC_IRQHandler
                0x08000234                DMA1_Channel1_IRQHandler
                0x08000234                Default_Handler
                0x08000234                USBWakeUp_RMP_IRQHandler
                0x08000234                EXTI15_10_IRQHandler
                0x08000234                COMP2_IRQHandler
                0x08000234                I2C3_EV_IRQHandler
                0x08000234                EXTI9_5_IRQHandler
                0x08000234                TAMPER_STAMP_IRQHandler
                0x08000234                RTC_WKUP_IRQHandler
                0x08000234                SPI2_IRQHandler
                0x08000234                MemManage_Handler
                0x08000234                SVC_Handler
                0x08000234                DMA1_Channel5_IRQHandler
                0x08000234                USB_LP_IRQHandler
                0x08000234                EXTI4_IRQHandler
                0x08000234                USB_LP_CAN1_RX0_IRQHandler
                0x08000234                TIM1_TRG_COM_TIM17_IRQHandler
                0x08000234                USB_HP_CAN1_TX_IRQHandler
                0x08000234                DMA1_Channel3_IRQHandler
                0x08000234                WWDG_IRQHandler
                0x08000234                TIM2_IRQHandler
                0x08000234                EXTI1_IRQHandler
                0x08000234                COMP4_6_IRQHandler
                0x08000234                USART2_IRQHandler
                0x08000234                I2C2_ER_IRQHandler
                0x08000234                DMA1_Channel2_IRQHandler
                0x08000234                CAN1_SCE_IRQHandler
                0x08000234                FLASH_IRQHandler
                0x08000234                BusFault_Handler
                0x08000234                USART1_IRQHandler
                0x08000234                SPI3_IRQHandler
                0x08000234                I2C1_ER_IRQHandler
                0x08000234                USBWakeUp_IRQHandler
                0x08000234                TIM1_BRK_TIM15_IRQHandler
 *fill*         0x08000236        0x2 
 .text.NVIC_SetPriority
                0x08000238       0x54 src/main.o
 .text.SysTick_Config
                0x0800028c       0x44 src/main.o
 .text.main     0x080002d0       0x6c src/main.o
                0x080002d0                main
 .text.Delay    0x0800033c       0x28 src/main.o
                0x0800033c                Delay
 .text.SysTick_Handler
                0x08000364       0x24 src/main.o
                0x08000364                SysTick_Handler
 .text.SystemInit
                0x08000388       0x74 src/system_stm32f30x.o
                0x08000388                SystemInit
 .text.SetSysClock
                0x080003fc       0x9c src/system_stm32f30x.o
 .text.STM_EVAL_LEDInit
                0x08000498       0x4c /home/rationalash/Ac6/workspace/nucleo-f302r8_stdperiph_lib/Debug/libnucleo-f302r8_stdperiph_lib.a(stm32f3xx_nucleo.o)
                0x08000498                STM_EVAL_LEDInit
 .text.STM_EVAL_LEDToggle
                0x080004e4       0x38 /home/rationalash/Ac6/workspace/nucleo-f302r8_stdperiph_lib/Debug/libnucleo-f302r8_stdperiph_lib.a(stm32f3xx_nucleo.o)
                0x080004e4                STM_EVAL_LEDToggle
 .text.STM_EVAL_PBInit
                0x0800051c       0x98 /home/rationalash/Ac6/workspace/nucleo-f302r8_stdperiph_lib/Debug/libnucleo-f302r8_stdperiph_lib.a(stm32f3xx_nucleo.o)
                0x0800051c                STM_EVAL_PBInit
 .text.EXTI_Init
                0x080005b4      0x1f4 /home/rationalash/Ac6/workspace/nucleo-f302r8_stdperiph_lib/Debug/libnucleo-f302r8_stdperiph_lib.a(stm32f30x_exti.o)
                0x080005b4                EXTI_Init
 .text.GPIO_Init
                0x080007a8      0x130 /home/rationalash/Ac6/workspace/nucleo-f302r8_stdperiph_lib/Debug/libnucleo-f302r8_stdperiph_lib.a(stm32f30x_gpio.o)
                0x080007a8                GPIO_Init
 .text.NVIC_Init
                0x080008d8       0xc4 /home/rationalash/Ac6/workspace/nucleo-f302r8_stdperiph_lib/Debug/libnucleo-f302r8_stdperiph_lib.a(stm32f30x_misc.o)
                0x080008d8                NVIC_Init
 .text.RCC_GetClocksFreq
                0x0800099c      0x510 /home/rationalash/Ac6/workspace/nucleo-f302r8_stdperiph_lib/Debug/libnucleo-f302r8_stdperiph_lib.a(stm32f30x_rcc.o)
                0x0800099c                RCC_GetClocksFreq
 .text.RCC_AHBPeriphClockCmd
                0x08000eac       0x3c /home/rationalash/Ac6/workspace/nucleo-f302r8_stdperiph_lib/Debug/libnucleo-f302r8_stdperiph_lib.a(stm32f30x_rcc.o)
                0x08000eac                RCC_AHBPeriphClockCmd
 .text.RCC_APB2PeriphClockCmd
                0x08000ee8       0x3c /home/rationalash/Ac6/workspace/nucleo-f302r8_stdperiph_lib/Debug/libnucleo-f302r8_stdperiph_lib.a(stm32f30x_rcc.o)
                0x08000ee8                RCC_APB2PeriphClockCmd
 .text.SYSCFG_EXTILineConfig
                0x08000f24       0x84 /home/rationalash/Ac6/workspace/nucleo-f302r8_stdperiph_lib/Debug/libnucleo-f302r8_stdperiph_lib.a(stm32f30x_syscfg.o)
                0x08000f24                SYSCFG_EXTILineConfig
 .text.__libc_init_array
                0x08000fa8       0x50 /home/rationalash/Ac6/SystemWorkbench/plugins/fr.ac6.mcu.externaltools.arm-none.linux64_1.3.0.201507241112/tools/compiler/bin/../lib/gcc/arm-none-eabi/4.9.3/../../../../arm-none-eabi/lib/armv7e-m/libc.a(lib_a-init.o)
                0x08000fa8                __libc_init_array
 .text.startup.register_fini
                0x08000ff8       0x14 /home/rationalash/Ac6/SystemWorkbench/plugins/fr.ac6.mcu.externaltools.arm-none.linux64_1.3.0.201507241112/tools/compiler/bin/../lib/gcc/arm-none-eabi/4.9.3/../../../../arm-none-eabi/lib/armv7e-m/libc.a(lib_a-__call_atexit.o)
 .text.atexit   0x0800100c        0xc /home/rationalash/Ac6/SystemWorkbench/plugins/fr.ac6.mcu.externaltools.arm-none.linux64_1.3.0.201507241112/tools/compiler/bin/../lib/gcc/arm-none-eabi/4.9.3/../../../../arm-none-eabi/lib/armv7e-m/libc.a(lib_a-atexit.o)
                0x0800100c                atexit
 .text.__libc_fini_array
                0x08001018       0x2c /home/rationalash/Ac6/SystemWorkbench/plugins/fr.ac6.mcu.externaltools.arm-none.linux64_1.3.0.201507241112/tools/compiler/bin/../lib/gcc/arm-none-eabi/4.9.3/../../../../arm-none-eabi/lib/armv7e-m/libc.a(lib_a-fini.o)
                0x08001018                __libc_fini_array
 .text.__register_exitproc
                0x08001044       0xa4 /home/rationalash/Ac6/SystemWorkbench/plugins/fr.ac6.mcu.externaltools.arm-none.linux64_1.3.0.201507241112/tools/compiler/bin/../lib/gcc/arm-none-eabi/4.9.3/../../../../arm-none-eabi/lib/armv7e-m/libc.a(lib_a-__atexit.o)
                0x08001044                __register_exitproc
 *(.glue_7)
 .glue_7        0x00000000        0x0 linker stubs
 *(.glue_7t)
 .glue_7t       0x00000000        0x0 linker stubs
 *(.eh_frame)
 .eh_frame      0x080010e8        0x0 /home/rationalash/Ac6/SystemWorkbench/plugins/fr.ac6.mcu.externaltools.arm-none.linux64_1.3.0.201507241112/tools/compiler/bin/../lib/gcc/arm-none-eabi/4.9.3/armv7e-m/crtbegin.o
 *(.init)
 .init          0x080010e8        0x4 /home/rationalash/Ac6/SystemWorkbench/plugins/fr.ac6.mcu.externaltools.arm-none.linux64_1.3.0.201507241112/tools/compiler/bin/../lib/gcc/arm-none-eabi/4.9.3/armv7e-m/crti.o
                0x080010e8                _init
 .init          0x080010ec        0x8 /home/rationalash/Ac6/SystemWorkbench/plugins/fr.ac6.mcu.externaltools.arm-none.linux64_1.3.0.201507241112/tools/compiler/bin/../lib/gcc/arm-none-eabi/4.9.3/armv7e-m/crtn.o
 *(.fini)
 .fini          0x080010f4        0x4 /home/rationalash/Ac6/SystemWorkbench/plugins/fr.ac6.mcu.externaltools.arm-none.linux64_1.3.0.201507241112/tools/compiler/bin/../lib/gcc/arm-none-eabi/4.9.3/armv7e-m/crti.o
                0x080010f4                _fini
 .fini          0x080010f8        0x8 /home/rationalash/Ac6/SystemWorkbench/plugins/fr.ac6.mcu.externaltools.arm-none.linux64_1.3.0.201507241112/tools/compiler/bin/../lib/gcc/arm-none-eabi/4.9.3/armv7e-m/crtn.o
                0x08001100                . = ALIGN (0x4)
                0x08001100                _etext = .

.vfp11_veneer   0x08001100        0x0
 .vfp11_veneer  0x00000000        0x0 linker stubs

.v4_bx          0x08001100        0x0
 .v4_bx         0x00000000        0x0 linker stubs

.iplt           0x08001100        0x0
 .iplt          0x00000000        0x0 /home/rationalash/Ac6/SystemWorkbench/plugins/fr.ac6.mcu.externaltools.arm-none.linux64_1.3.0.201507241112/tools/compiler/bin/../lib/gcc/arm-none-eabi/4.9.3/armv7e-m/crtbegin.o

.rodata         0x08001100        0x8
                0x08001100                . = ALIGN (0x4)
 *(.rodata)
 *(.rodata*)
 .rodata.str1.4
                0x08001100        0x4 /home/rationalash/Ac6/SystemWorkbench/plugins/fr.ac6.mcu.externaltools.arm-none.linux64_1.3.0.201507241112/tools/compiler/bin/../lib/gcc/arm-none-eabi/4.9.3/../../../../arm-none-eabi/lib/armv7e-m/libc.a(lib_a-impure.o)
 .rodata._global_impure_ptr
                0x08001104        0x4 /home/rationalash/Ac6/SystemWorkbench/plugins/fr.ac6.mcu.externaltools.arm-none.linux64_1.3.0.201507241112/tools/compiler/bin/../lib/gcc/arm-none-eabi/4.9.3/../../../../arm-none-eabi/lib/armv7e-m/libc.a(lib_a-impure.o)
                0x08001104                _global_impure_ptr
                0x08001108                . = ALIGN (0x4)

.rel.dyn        0x08001108        0x0
 .rel.iplt      0x00000000        0x0 /home/rationalash/Ac6/SystemWorkbench/plugins/fr.ac6.mcu.externaltools.arm-none.linux64_1.3.0.201507241112/tools/compiler/bin/../lib/gcc/arm-none-eabi/4.9.3/armv7e-m/crtbegin.o

.ARM.extab
 *(.ARM.extab* .gnu.linkonce.armextab.*)

.ARM            0x08001108        0x0
                0x08001108                __exidx_start = .
 *(.ARM.exidx*)
                0x08001108                __exidx_end = .

.preinit_array  0x08001108        0x0
                0x08001108                PROVIDE (__preinit_array_start, .)
 *(.preinit_array*)
                0x08001108                PROVIDE (__preinit_array_end, .)

.init_array     0x08001108        0x8
                0x08001108                PROVIDE (__init_array_start, .)
 *(SORT(.init_array.*))
 .init_array.00000
                0x08001108        0x4 /home/rationalash/Ac6/SystemWorkbench/plugins/fr.ac6.mcu.externaltools.arm-none.linux64_1.3.0.201507241112/tools/compiler/bin/../lib/gcc/arm-none-eabi/4.9.3/../../../../arm-none-eabi/lib/armv7e-m/libc.a(lib_a-__call_atexit.o)
 *(.init_array*)
 .init_array    0x0800110c        0x4 /home/rationalash/Ac6/SystemWorkbench/plugins/fr.ac6.mcu.externaltools.arm-none.linux64_1.3.0.201507241112/tools/compiler/bin/../lib/gcc/arm-none-eabi/4.9.3/armv7e-m/crtbegin.o
                0x08001110                PROVIDE (__init_array_end, .)

.fini_array     0x08001110        0x4
                0x08001110                PROVIDE (__fini_array_start, .)
 *(SORT(.fini_array.*))
 *(.fini_array*)
 .fini_array    0x08001110        0x4 /home/rationalash/Ac6/SystemWorkbench/plugins/fr.ac6.mcu.externaltools.arm-none.linux64_1.3.0.201507241112/tools/compiler/bin/../lib/gcc/arm-none-eabi/4.9.3/armv7e-m/crtbegin.o
                0x08001114                PROVIDE (__fini_array_end, .)
                0x08001114                _sidata = LOADADDR (.data)

.data           0x20000000      0x460 load address 0x08001114
                0x20000000                . = ALIGN (0x4)
                0x20000000                _sdata = .
 *(.data)
 .data          0x20000000        0x8 /home/rationalash/Ac6/workspace/nucleo-f302r8_stdperiph_lib/Debug/libnucleo-f302r8_stdperiph_lib.a(stm32f3xx_nucleo.o)
                0x20000000                GPIO_PORT
                0x20000004                BUTTON_PORT
 .data          0x20000008       0x30 /home/rationalash/Ac6/workspace/nucleo-f302r8_stdperiph_lib/Debug/libnucleo-f302r8_stdperiph_lib.a(stm32f30x_rcc.o)
 *(.data*)
 .data.impure_data
                0x20000038      0x428 /home/rationalash/Ac6/SystemWorkbench/plugins/fr.ac6.mcu.externaltools.arm-none.linux64_1.3.0.201507241112/tools/compiler/bin/../lib/gcc/arm-none-eabi/4.9.3/../../../../arm-none-eabi/lib/armv7e-m/libc.a(lib_a-impure.o)
                0x20000460                . = ALIGN (0x4)
                0x20000460                _edata = .

.jcr            0x20000460        0x0 load address 0x08001574
 .jcr           0x20000460        0x0 /home/rationalash/Ac6/SystemWorkbench/plugins/fr.ac6.mcu.externaltools.arm-none.linux64_1.3.0.201507241112/tools/compiler/bin/../lib/gcc/arm-none-eabi/4.9.3/armv7e-m/crtbegin.o

.igot.plt       0x20000460        0x0 load address 0x08001574
 .igot.plt      0x00000000        0x0 /home/rationalash/Ac6/SystemWorkbench/plugins/fr.ac6.mcu.externaltools.arm-none.linux64_1.3.0.201507241112/tools/compiler/bin/../lib/gcc/arm-none-eabi/4.9.3/armv7e-m/crtbegin.o
                0x20000460                . = ALIGN (0x4)

.bss            0x20000460       0x74 load address 0x08001574
                0x20000460                _sbss = .
                0x20000460                __bss_start__ = _sbss
 *(.bss)
 .bss           0x20000460       0x1c /home/rationalash/Ac6/SystemWorkbench/plugins/fr.ac6.mcu.externaltools.arm-none.linux64_1.3.0.201507241112/tools/compiler/bin/../lib/gcc/arm-none-eabi/4.9.3/armv7e-m/crtbegin.o
 .bss           0x2000047c        0x8 src/main.o
                0x20000480                BlinkSpeed
 *(.bss*)
 *(COMMON)
 COMMON         0x20000484       0x50 src/main.o
                0x20000484                RCC_Clocks
                0x200004d4                . = ALIGN (0x4)
                0x200004d4                _ebss = .
                0x200004d4                __bss_end__ = _ebss

._user_heap_stack
                0x200004d4      0x604 load address 0x08001574
                0x200004d8                . = ALIGN (0x8)
 *fill*         0x200004d4        0x4 
                0x200004d8                PROVIDE (end, .)
                0x200004d8                PROVIDE (_end, .)
                0x200006d8                . = (. + _Min_Heap_Size)
 *fill*         0x200004d8      0x200 
                0x20000ad8                . = (. + _Min_Stack_Size)
 *fill*         0x200006d8      0x400 
                0x20000ad8                . = ALIGN (0x8)

.memory_b1_text
 *(.mb1text)
 *(.mb1text*)
 *(.mb1rodata)
 *(.mb1rodata*)

/DISCARD/
 libc.a(*)
 libm.a(*)
 libgcc.a(*)

.ARM.attributes
                0x00000000       0x2a
 *(.ARM.attributes)
 .ARM.attributes
                0x00000000       0x1e /home/rationalash/Ac6/SystemWorkbench/plugins/fr.ac6.mcu.externaltools.arm-none.linux64_1.3.0.201507241112/tools/compiler/bin/../lib/gcc/arm-none-eabi/4.9.3/armv7e-m/crti.o
 .ARM.attributes
                0x0000001e       0x2e /home/rationalash/Ac6/SystemWorkbench/plugins/fr.ac6.mcu.externaltools.arm-none.linux64_1.3.0.201507241112/tools/compiler/bin/../lib/gcc/arm-none-eabi/4.9.3/armv7e-m/crtbegin.o
 .ARM.attributes
                0x0000004c       0x21 startup/startup_stm32f302x8.o
 .ARM.attributes
                0x0000006d       0x33 src/main.o
 .ARM.attributes
                0x000000a0       0x33 src/system_stm32f30x.o
 .ARM.attributes
                0x000000d3       0x33 /home/rationalash/Ac6/workspace/nucleo-f302r8_stdperiph_lib/Debug/libnucleo-f302r8_stdperiph_lib.a(stm32f3xx_nucleo.o)
 .ARM.attributes
                0x00000106       0x33 /home/rationalash/Ac6/workspace/nucleo-f302r8_stdperiph_lib/Debug/libnucleo-f302r8_stdperiph_lib.a(stm32f30x_exti.o)
 .ARM.attributes
                0x00000139       0x33 /home/rationalash/Ac6/workspace/nucleo-f302r8_stdperiph_lib/Debug/libnucleo-f302r8_stdperiph_lib.a(stm32f30x_gpio.o)
 .ARM.attributes
                0x0000016c       0x33 /home/rationalash/Ac6/workspace/nucleo-f302r8_stdperiph_lib/Debug/libnucleo-f302r8_stdperiph_lib.a(stm32f30x_misc.o)
 .ARM.attributes
                0x0000019f       0x33 /home/rationalash/Ac6/workspace/nucleo-f302r8_stdperiph_lib/Debug/libnucleo-f302r8_stdperiph_lib.a(stm32f30x_rcc.o)
 .ARM.attributes
                0x000001d2       0x33 /home/rationalash/Ac6/workspace/nucleo-f302r8_stdperiph_lib/Debug/libnucleo-f302r8_stdperiph_lib.a(stm32f30x_syscfg.o)
 .ARM.attributes
                0x00000205       0x2e /home/rationalash/Ac6/SystemWorkbench/plugins/fr.ac6.mcu.externaltools.arm-none.linux64_1.3.0.201507241112/tools/compiler/bin/../lib/gcc/arm-none-eabi/4.9.3/../../../../arm-none-eabi/lib/armv7e-m/libc.a(lib_a-impure.o)
 .ARM.attributes
                0x00000233       0x2e /home/rationalash/Ac6/SystemWorkbench/plugins/fr.ac6.mcu.externaltools.arm-none.linux64_1.3.0.201507241112/tools/compiler/bin/../lib/gcc/arm-none-eabi/4.9.3/../../../../arm-none-eabi/lib/armv7e-m/libc.a(lib_a-init.o)
 .ARM.attributes
                0x00000261       0x2e /home/rationalash/Ac6/SystemWorkbench/plugins/fr.ac6.mcu.externaltools.arm-none.linux64_1.3.0.201507241112/tools/compiler/bin/../lib/gcc/arm-none-eabi/4.9.3/../../../../arm-none-eabi/lib/armv7e-m/libc.a(lib_a-__call_atexit.o)
 .ARM.attributes
                0x0000028f       0x2e /home/rationalash/Ac6/SystemWorkbench/plugins/fr.ac6.mcu.externaltools.arm-none.linux64_1.3.0.201507241112/tools/compiler/bin/../lib/gcc/arm-none-eabi/4.9.3/../../../../arm-none-eabi/lib/armv7e-m/libc.a(lib_a-atexit.o)
 .ARM.attributes
                0x000002bd       0x2e /home/rationalash/Ac6/SystemWorkbench/plugins/fr.ac6.mcu.externaltools.arm-none.linux64_1.3.0.201507241112/tools/compiler/bin/../lib/gcc/arm-none-eabi/4.9.3/../../../../arm-none-eabi/lib/armv7e-m/libc.a(lib_a-fini.o)
 .ARM.attributes
                0x000002eb       0x2e /home/rationalash/Ac6/SystemWorkbench/plugins/fr.ac6.mcu.externaltools.arm-none.linux64_1.3.0.201507241112/tools/compiler/bin/../lib/gcc/arm-none-eabi/4.9.3/../../../../arm-none-eabi/lib/armv7e-m/libc.a(lib_a-__atexit.o)
 .ARM.attributes
                0x00000319       0x1e /home/rationalash/Ac6/SystemWorkbench/plugins/fr.ac6.mcu.externaltools.arm-none.linux64_1.3.0.201507241112/tools/compiler/bin/../lib/gcc/arm-none-eabi/4.9.3/armv7e-m/crtn.o
OUTPUT(first.elf elf32-littlearm)

.debug_line     0x00000000     0x3b97
 .debug_line    0x00000000       0x7f startup/startup_stm32f302x8.o
 .debug_line    0x0000007f      0x6e5 src/main.o
 .debug_line    0x00000764      0x66e src/system_stm32f30x.o
 .debug_line    0x00000dd2      0x7d4 /home/rationalash/Ac6/workspace/nucleo-f302r8_stdperiph_lib/Debug/libnucleo-f302r8_stdperiph_lib.a(stm32f3xx_nucleo.o)
 .debug_line    0x000015a6      0x6ce /home/rationalash/Ac6/workspace/nucleo-f302r8_stdperiph_lib/Debug/libnucleo-f302r8_stdperiph_lib.a(stm32f30x_exti.o)
 .debug_line    0x00001c74      0x74f /home/rationalash/Ac6/workspace/nucleo-f302r8_stdperiph_lib/Debug/libnucleo-f302r8_stdperiph_lib.a(stm32f30x_gpio.o)
 .debug_line    0x000023c3      0x67d /home/rationalash/Ac6/workspace/nucleo-f302r8_stdperiph_lib/Debug/libnucleo-f302r8_stdperiph_lib.a(stm32f30x_misc.o)
 .debug_line    0x00002a40      0xa22 /home/rationalash/Ac6/workspace/nucleo-f302r8_stdperiph_lib/Debug/libnucleo-f302r8_stdperiph_lib.a(stm32f30x_rcc.o)
 .debug_line    0x00003462      0x735 /home/rationalash/Ac6/workspace/nucleo-f302r8_stdperiph_lib/Debug/libnucleo-f302r8_stdperiph_lib.a(stm32f30x_syscfg.o)

.debug_info     0x00000000     0x389f
 .debug_info    0x00000000       0x71 startup/startup_stm32f302x8.o
 .debug_info    0x00000071      0x77b src/main.o
 .debug_info    0x000007ec      0x474 src/system_stm32f30x.o
 .debug_info    0x00000c60      0xd82 /home/rationalash/Ac6/workspace/nucleo-f302r8_stdperiph_lib/Debug/libnucleo-f302r8_stdperiph_lib.a(stm32f3xx_nucleo.o)
 .debug_info    0x000019e2      0x3ad /home/rationalash/Ac6/workspace/nucleo-f302r8_stdperiph_lib/Debug/libnucleo-f302r8_stdperiph_lib.a(stm32f30x_exti.o)
 .debug_info    0x00001d8f      0x611 /home/rationalash/Ac6/workspace/nucleo-f302r8_stdperiph_lib/Debug/libnucleo-f302r8_stdperiph_lib.a(stm32f30x_gpio.o)
 .debug_info    0x000023a0      0x545 /home/rationalash/Ac6/workspace/nucleo-f302r8_stdperiph_lib/Debug/libnucleo-f302r8_stdperiph_lib.a(stm32f30x_misc.o)
 .debug_info    0x000028e5      0xb34 /home/rationalash/Ac6/workspace/nucleo-f302r8_stdperiph_lib/Debug/libnucleo-f302r8_stdperiph_lib.a(stm32f30x_rcc.o)
 .debug_info    0x00003419      0x486 /home/rationalash/Ac6/workspace/nucleo-f302r8_stdperiph_lib/Debug/libnucleo-f302r8_stdperiph_lib.a(stm32f30x_syscfg.o)

.debug_abbrev   0x00000000      0xce4
 .debug_abbrev  0x00000000       0x12 startup/startup_stm32f302x8.o
 .debug_abbrev  0x00000012      0x1d4 src/main.o
 .debug_abbrev  0x000001e6      0x12b src/system_stm32f30x.o
 .debug_abbrev  0x00000311      0x1f4 /home/rationalash/Ac6/workspace/nucleo-f302r8_stdperiph_lib/Debug/libnucleo-f302r8_stdperiph_lib.a(stm32f3xx_nucleo.o)
 .debug_abbrev  0x00000505      0x17f /home/rationalash/Ac6/workspace/nucleo-f302r8_stdperiph_lib/Debug/libnucleo-f302r8_stdperiph_lib.a(stm32f30x_exti.o)
 .debug_abbrev  0x00000684      0x1a8 /home/rationalash/Ac6/workspace/nucleo-f302r8_stdperiph_lib/Debug/libnucleo-f302r8_stdperiph_lib.a(stm32f30x_gpio.o)
 .debug_abbrev  0x0000082c      0x14a /home/rationalash/Ac6/workspace/nucleo-f302r8_stdperiph_lib/Debug/libnucleo-f302r8_stdperiph_lib.a(stm32f30x_misc.o)
 .debug_abbrev  0x00000976      0x1e8 /home/rationalash/Ac6/workspace/nucleo-f302r8_stdperiph_lib/Debug/libnucleo-f302r8_stdperiph_lib.a(stm32f30x_rcc.o)
 .debug_abbrev  0x00000b5e      0x186 /home/rationalash/Ac6/workspace/nucleo-f302r8_stdperiph_lib/Debug/libnucleo-f302r8_stdperiph_lib.a(stm32f30x_syscfg.o)

.debug_aranges  0x00000000      0x408
 .debug_aranges
                0x00000000       0x28 startup/startup_stm32f302x8.o
 .debug_aranges
                0x00000028       0x40 src/main.o
 .debug_aranges
                0x00000068       0x30 src/system_stm32f30x.o
 .debug_aranges
                0x00000098       0x78 /home/rationalash/Ac6/workspace/nucleo-f302r8_stdperiph_lib/Debug/libnucleo-f302r8_stdperiph_lib.a(stm32f3xx_nucleo.o)
 .debug_aranges
                0x00000110       0x58 /home/rationalash/Ac6/workspace/nucleo-f302r8_stdperiph_lib/Debug/libnucleo-f302r8_stdperiph_lib.a(stm32f30x_exti.o)
 .debug_aranges
                0x00000168       0x80 /home/rationalash/Ac6/workspace/nucleo-f302r8_stdperiph_lib/Debug/libnucleo-f302r8_stdperiph_lib.a(stm32f30x_gpio.o)
 .debug_aranges
                0x000001e8       0x40 /home/rationalash/Ac6/workspace/nucleo-f302r8_stdperiph_lib/Debug/libnucleo-f302r8_stdperiph_lib.a(stm32f30x_misc.o)
 .debug_aranges
                0x00000228      0x158 /home/rationalash/Ac6/workspace/nucleo-f302r8_stdperiph_lib/Debug/libnucleo-f302r8_stdperiph_lib.a(stm32f30x_rcc.o)
 .debug_aranges
                0x00000380       0x88 /home/rationalash/Ac6/workspace/nucleo-f302r8_stdperiph_lib/Debug/libnucleo-f302r8_stdperiph_lib.a(stm32f30x_syscfg.o)

.debug_ranges   0x00000000      0x380
 .debug_ranges  0x00000000       0x20 startup/startup_stm32f302x8.o
 .debug_ranges  0x00000020       0x30 src/main.o
 .debug_ranges  0x00000050       0x20 src/system_stm32f30x.o
 .debug_ranges  0x00000070       0x68 /home/rationalash/Ac6/workspace/nucleo-f302r8_stdperiph_lib/Debug/libnucleo-f302r8_stdperiph_lib.a(stm32f3xx_nucleo.o)
 .debug_ranges  0x000000d8       0x48 /home/rationalash/Ac6/workspace/nucleo-f302r8_stdperiph_lib/Debug/libnucleo-f302r8_stdperiph_lib.a(stm32f30x_exti.o)
 .debug_ranges  0x00000120       0x70 /home/rationalash/Ac6/workspace/nucleo-f302r8_stdperiph_lib/Debug/libnucleo-f302r8_stdperiph_lib.a(stm32f30x_gpio.o)
 .debug_ranges  0x00000190       0x30 /home/rationalash/Ac6/workspace/nucleo-f302r8_stdperiph_lib/Debug/libnucleo-f302r8_stdperiph_lib.a(stm32f30x_misc.o)
 .debug_ranges  0x000001c0      0x148 /home/rationalash/Ac6/workspace/nucleo-f302r8_stdperiph_lib/Debug/libnucleo-f302r8_stdperiph_lib.a(stm32f30x_rcc.o)
 .debug_ranges  0x00000308       0x78 /home/rationalash/Ac6/workspace/nucleo-f302r8_stdperiph_lib/Debug/libnucleo-f302r8_stdperiph_lib.a(stm32f30x_syscfg.o)

.debug_macro    0x00000000    0x11fec
 .debug_macro   0x00000000      0x18b src/main.o
 .debug_macro   0x0000018b      0x892 src/main.o
 .debug_macro   0x00000a1d       0x76 src/main.o
 .debug_macro   0x00000a93       0x3b src/main.o
 .debug_macro   0x00000ace       0x22 src/main.o
 .debug_macro   0x00000af0       0x44 src/main.o
 .debug_macro   0x00000b34       0x1c src/main.o
 .debug_macro   0x00000b50      0x1f7 src/main.o
 .debug_macro   0x00000d47       0x2d src/main.o
 .debug_macro   0x00000d74       0x42 src/main.o
 .debug_macro   0x00000db6      0xd39 src/main.o
 .debug_macro   0x00001aef     0x9390 src/main.o
 .debug_macro   0x0000ae7f      0x5a6 src/main.o
 .debug_macro   0x0000b425      0x3cf src/main.o
 .debug_macro   0x0000b7f4       0x46 src/main.o
 .debug_macro   0x0000b83a      0x277 src/main.o
 .debug_macro   0x0000bab1      0x1b6 src/main.o
 .debug_macro   0x0000bc67       0x8e src/main.o
 .debug_macro   0x0000bcf5      0x3a8 src/main.o
 .debug_macro   0x0000c09d      0x114 src/main.o
 .debug_macro   0x0000c1b1      0x1e4 src/main.o
 .debug_macro   0x0000c395      0x1bd src/main.o
 .debug_macro   0x0000c552     0x13d6 src/main.o
 .debug_macro   0x0000d928      0x264 src/main.o
 .debug_macro   0x0000db8c      0x29a src/main.o
 .debug_macro   0x0000de26       0x70 src/main.o
 .debug_macro   0x0000de96      0x10c src/main.o
 .debug_macro   0x0000dfa2       0xb8 src/main.o
 .debug_macro   0x0000e05a      0x66e src/main.o
 .debug_macro   0x0000e6c8      0x551 src/main.o
 .debug_macro   0x0000ec19      0x3ab src/main.o
 .debug_macro   0x0000efc4      0x8d8 src/main.o
 .debug_macro   0x0000f89c      0x364 src/main.o
 .debug_macro   0x0000fc00       0x34 src/main.o
 .debug_macro   0x0000fc34       0x89 src/main.o
 .debug_macro   0x0000fcbd       0x35 src/main.o
 .debug_macro   0x0000fcf2      0x157 src/main.o
 .debug_macro   0x0000fe49      0x18e src/system_stm32f30x.o
 .debug_macro   0x0000ffd7      0x191 /home/rationalash/Ac6/workspace/nucleo-f302r8_stdperiph_lib/Debug/libnucleo-f302r8_stdperiph_lib.a(stm32f3xx_nucleo.o)
 .debug_macro   0x00010168      0x88c /home/rationalash/Ac6/workspace/nucleo-f302r8_stdperiph_lib/Debug/libnucleo-f302r8_stdperiph_lib.a(stm32f3xx_nucleo.o)
 .debug_macro   0x000109f4      0x151 /home/rationalash/Ac6/workspace/nucleo-f302r8_stdperiph_lib/Debug/libnucleo-f302r8_stdperiph_lib.a(stm32f3xx_nucleo.o)
 .debug_macro   0x00010b45      0x192 /home/rationalash/Ac6/workspace/nucleo-f302r8_stdperiph_lib/Debug/libnucleo-f302r8_stdperiph_lib.a(stm32f30x_exti.o)
 .debug_macro   0x00010cd7      0x10e /home/rationalash/Ac6/workspace/nucleo-f302r8_stdperiph_lib/Debug/libnucleo-f302r8_stdperiph_lib.a(stm32f30x_exti.o)
 .debug_macro   0x00010de5      0x190 /home/rationalash/Ac6/workspace/nucleo-f302r8_stdperiph_lib/Debug/libnucleo-f302r8_stdperiph_lib.a(stm32f30x_gpio.o)
 .debug_macro   0x00010f75      0x1b7 /home/rationalash/Ac6/workspace/nucleo-f302r8_stdperiph_lib/Debug/libnucleo-f302r8_stdperiph_lib.a(stm32f30x_gpio.o)
 .debug_macro   0x0001112c      0x192 /home/rationalash/Ac6/workspace/nucleo-f302r8_stdperiph_lib/Debug/libnucleo-f302r8_stdperiph_lib.a(stm32f30x_misc.o)
 .debug_macro   0x000112be       0x83 /home/rationalash/Ac6/workspace/nucleo-f302r8_stdperiph_lib/Debug/libnucleo-f302r8_stdperiph_lib.a(stm32f30x_misc.o)
 .debug_macro   0x00011341      0x229 /home/rationalash/Ac6/workspace/nucleo-f302r8_stdperiph_lib/Debug/libnucleo-f302r8_stdperiph_lib.a(stm32f30x_rcc.o)
 .debug_macro   0x0001156a      0x668 /home/rationalash/Ac6/workspace/nucleo-f302r8_stdperiph_lib/Debug/libnucleo-f302r8_stdperiph_lib.a(stm32f30x_rcc.o)
 .debug_macro   0x00011bd2      0x1bc /home/rationalash/Ac6/workspace/nucleo-f302r8_stdperiph_lib/Debug/libnucleo-f302r8_stdperiph_lib.a(stm32f30x_syscfg.o)
 .debug_macro   0x00011d8e      0x25e /home/rationalash/Ac6/workspace/nucleo-f302r8_stdperiph_lib/Debug/libnucleo-f302r8_stdperiph_lib.a(stm32f30x_syscfg.o)

.debug_str      0x00000000    0x71903
 .debug_str     0x00000000    0x6ff5e src/main.o
                              0x700f6 (size before relaxing)
 .debug_str     0x0006ff5e      0x126 src/system_stm32f30x.o
                              0x6f654 (size before relaxing)
 .debug_str     0x00070084      0x7e0 /home/rationalash/Ac6/workspace/nucleo-f302r8_stdperiph_lib/Debug/libnucleo-f302r8_stdperiph_lib.a(stm32f3xx_nucleo.o)
                              0x70647 (size before relaxing)
 .debug_str     0x00070864      0x128 /home/rationalash/Ac6/workspace/nucleo-f302r8_stdperiph_lib/Debug/libnucleo-f302r8_stdperiph_lib.a(stm32f30x_exti.o)
                              0x6f6f6 (size before relaxing)
 .debug_str     0x0007098c      0x173 /home/rationalash/Ac6/workspace/nucleo-f302r8_stdperiph_lib/Debug/libnucleo-f302r8_stdperiph_lib.a(stm32f30x_gpio.o)
                              0x6f807 (size before relaxing)
 .debug_str     0x00070aff      0x12f /home/rationalash/Ac6/workspace/nucleo-f302r8_stdperiph_lib/Debug/libnucleo-f302r8_stdperiph_lib.a(stm32f30x_misc.o)
                              0x6f759 (size before relaxing)
 .debug_str     0x00070c2e      0x8df /home/rationalash/Ac6/workspace/nucleo-f302r8_stdperiph_lib/Debug/libnucleo-f302r8_stdperiph_lib.a(stm32f30x_rcc.o)
                              0x70045 (size before relaxing)
 .debug_str     0x0007150d      0x3f6 /home/rationalash/Ac6/workspace/nucleo-f302r8_stdperiph_lib/Debug/libnucleo-f302r8_stdperiph_lib.a(stm32f30x_syscfg.o)
                              0x6f965 (size before relaxing)

.comment        0x00000000       0x70
 .comment       0x00000000       0x70 src/main.o
                                 0x71 (size before relaxing)
 .comment       0x00000000       0x71 src/system_stm32f30x.o
 .comment       0x00000000       0x71 /home/rationalash/Ac6/workspace/nucleo-f302r8_stdperiph_lib/Debug/libnucleo-f302r8_stdperiph_lib.a(stm32f3xx_nucleo.o)
 .comment       0x00000000       0x71 /home/rationalash/Ac6/workspace/nucleo-f302r8_stdperiph_lib/Debug/libnucleo-f302r8_stdperiph_lib.a(stm32f30x_exti.o)
 .comment       0x00000000       0x71 /home/rationalash/Ac6/workspace/nucleo-f302r8_stdperiph_lib/Debug/libnucleo-f302r8_stdperiph_lib.a(stm32f30x_gpio.o)
 .comment       0x00000000       0x71 /home/rationalash/Ac6/workspace/nucleo-f302r8_stdperiph_lib/Debug/libnucleo-f302r8_stdperiph_lib.a(stm32f30x_misc.o)
 .comment       0x00000000       0x71 /home/rationalash/Ac6/workspace/nucleo-f302r8_stdperiph_lib/Debug/libnucleo-f302r8_stdperiph_lib.a(stm32f30x_rcc.o)
 .comment       0x00000000       0x71 /home/rationalash/Ac6/workspace/nucleo-f302r8_stdperiph_lib/Debug/libnucleo-f302r8_stdperiph_lib.a(stm32f30x_syscfg.o)

.debug_frame    0x00000000     0x10a4
 .debug_frame   0x00000000       0xc0 src/main.o
 .debug_frame   0x000000c0       0x7c src/system_stm32f30x.o
 .debug_frame   0x0000013c      0x1cc /home/rationalash/Ac6/workspace/nucleo-f302r8_stdperiph_lib/Debug/libnucleo-f302r8_stdperiph_lib.a(stm32f3xx_nucleo.o)
 .debug_frame   0x00000308      0x148 /home/rationalash/Ac6/workspace/nucleo-f302r8_stdperiph_lib/Debug/libnucleo-f302r8_stdperiph_lib.a(stm32f30x_exti.o)
 .debug_frame   0x00000450      0x214 /home/rationalash/Ac6/workspace/nucleo-f302r8_stdperiph_lib/Debug/libnucleo-f302r8_stdperiph_lib.a(stm32f30x_gpio.o)
 .debug_frame   0x00000664       0xd8 /home/rationalash/Ac6/workspace/nucleo-f302r8_stdperiph_lib/Debug/libnucleo-f302r8_stdperiph_lib.a(stm32f30x_misc.o)
 .debug_frame   0x0000073c      0x634 /home/rationalash/Ac6/workspace/nucleo-f302r8_stdperiph_lib/Debug/libnucleo-f302r8_stdperiph_lib.a(stm32f30x_rcc.o)
 .debug_frame   0x00000d70      0x230 /home/rationalash/Ac6/workspace/nucleo-f302r8_stdperiph_lib/Debug/libnucleo-f302r8_stdperiph_lib.a(stm32f30x_syscfg.o)
 .debug_frame   0x00000fa0       0x2c /home/rationalash/Ac6/SystemWorkbench/plugins/fr.ac6.mcu.externaltools.arm-none.linux64_1.3.0.201507241112/tools/compiler/bin/../lib/gcc/arm-none-eabi/4.9.3/../../../../arm-none-eabi/lib/armv7e-m/libc.a(lib_a-init.o)
 .debug_frame   0x00000fcc       0x50 /home/rationalash/Ac6/SystemWorkbench/plugins/fr.ac6.mcu.externaltools.arm-none.linux64_1.3.0.201507241112/tools/compiler/bin/../lib/gcc/arm-none-eabi/4.9.3/../../../../arm-none-eabi/lib/armv7e-m/libc.a(lib_a-__call_atexit.o)
 .debug_frame   0x0000101c       0x20 /home/rationalash/Ac6/SystemWorkbench/plugins/fr.ac6.mcu.externaltools.arm-none.linux64_1.3.0.201507241112/tools/compiler/bin/../lib/gcc/arm-none-eabi/4.9.3/../../../../arm-none-eabi/lib/armv7e-m/libc.a(lib_a-atexit.o)
 .debug_frame   0x0000103c       0x34 /home/rationalash/Ac6/SystemWorkbench/plugins/fr.ac6.mcu.externaltools.arm-none.linux64_1.3.0.201507241112/tools/compiler/bin/../lib/gcc/arm-none-eabi/4.9.3/../../../../arm-none-eabi/lib/armv7e-m/libc.a(lib_a-fini.o)
 .debug_frame   0x00001070       0x34 /home/rationalash/Ac6/SystemWorkbench/plugins/fr.ac6.mcu.externaltools.arm-none.linux64_1.3.0.201507241112/tools/compiler/bin/../lib/gcc/arm-none-eabi/4.9.3/../../../../arm-none-eabi/lib/armv7e-m/libc.a(lib_a-__atexit.o)
